// Jest Snapshot v1, https://goo.gl/fbAQLP

exports[`prettier with options should return a config 1`] = `
Object {
  "arrowParens": "always",
  "bracketSpacing": true,
  "endOfLine": "lf",
  "jsxBracketSameLine": false,
  "jsxSingleQuote": false,
  "printWidth": 80,
  "quoteProps": "consistent",
  "semi": true,
  "singleQuote": true,
  "tabWidth": 2,
  "trailingComma": "all",
  "useTabs": false,
}
`;
